
îº§ gdb a.out
GNU gdb (Ubuntu 8.1.1-0ubuntu1) 8.1.1
Copyright (C) 2018 Free Software Foundation, Inc.
License GPLv3+: GNU GPL version 3 or later <http://gnu.org/licenses/gpl.html>
This is free software: you are free to change and redistribute it.
There is NO WARRANTY, to the extent permitted by law.  Type "show copying"
and "show warranty" for details.
This GDB was configured as "x86_64-linux-gnu".
Type "show configuration" for configuration details.
For bug reporting instructions, please see:
<http://www.gnu.org/software/gdb/bugs/>.
Find the GDB manual and other documentation resources online at:
<http://www.gnu.org/software/gdb/documentation/>.
For help, type "help".
Type "apropos word" to search for commands related to "word"...
Reading symbols from a.out...done.
(gdb) b main
Breakpoint 1 at 0xad6: file p8final.c, line 63.
(gdb) r
Starting program: /home/runner/IA2-Test1-Session2/a.out 
warning: Error disabling address space randomization: Operation not permitted

Breakpoint 1, main () at p8final.c:63
63  {
(gdb) n
65    n=input_n();
(gdb) s
input_n () at p8final.c:8
8   {
(gdb) n
10    printf("enter number of triangles\n");
(gdb) n
enter number of triangles
11    scanf("%d",&n);
(gdb) n
2 
12    return n;
(gdb) n
13  }
(gdb) n
main () at p8final.c:66
66    Triangle t[n],smallest;
(gdb) s
67    input_n_triangles(n,t);
(gdb) n
enter the base and altitude of the triangle
 2 3
enter the base and altitude of the triangle
 4 5
68    find_areas_n(n,t);
(gdb) n
69    smallest=find_smallest_triangle(n,t);
(gdb) n
70    output(n,t,smallest);
(gdb) n
the smallest of the triangle with base and height 
3.000000,2.000000
3.000000,4.000000
 is the triangle with base =3.000000 and altitude=2.000000
and has an an area=3.000000
71    return 0;
(gdb) n
72  }